// Jest Snapshot v1, https://goo.gl/fbAQLP

exports[`<HomePage /> should render and match the snapshot 1`] = `
<article>
  <div>
    <section
      class="Section-sc-1eulrsm-0 eTEsZl"
    >
      <h2
        class="H2-egphza-0 HsCXl"
      >
        <span>
          Write a Note!
        </span>
      </h2>
      <form
        class="Form-dmhz4x-0 kaViEG"
      >
        <label>
          <span>
            Your Note here 
          </span>
          <input
            class="Input-sc-19rkjmi-0 eXlGFi"
            id="note"
            placeholder="write something..."
            required=""
            type="text"
            value=""
          />
        </label>
      </form>
    </section>
  </div>
</article>
`;
